EVA3_8_EJERCICIO_CURSORES

Microsoft Windows [Versión 10.0.22631.4317]
(c) Microsoft Corporation. Todos los derechos reservados.

C:\Users\tejed>mysqlsh
MySQL Shell 8.0.38

Copyright (c) 2016, 2024, Oracle and/or its affiliates.
Oracle is a registered trademark of Oracle Corporation and/or its affiliates.
Other names may be trademarks of their respective owners.

Type '\help' or '\?' for help; '\quit' to exit.
 MySQL  JS > \sql
Switching to SQL mode... Commands end with ;
 MySQL  SQL > \connect --mc root@localhost
Creating a Classic session to 'root@localhost'
Fetching global names for auto-completion... Press ^C to stop.
Your MySQL connection id is 20
Server version: 8.0.39 MySQL Community Server - GPL
No default schema selected; type \use <schema> to set one.
 MySQL  localhost:3306 ssl  SQL > use tbd_e3;
Default schema set to `tbd_e3`.
Fetching global names, object names from `tbd_e3` for auto-completion... Press ^C to stop.
 MySQL  localhost:3306 ssl  tbd_e3  SQL > create table personas(
                                       -> id int KEY AUTO_INCREMENT
                                       -> nombre varchar(30) not null
                                       -> apellido_pat varchar(15) not null
                                       -> apellido_mat varchar(15)
                                       -> fecha_nac date not null,
                                       -> clave_rfc cadena(20));
ERROR: 1064 (42000): You have an error in your SQL syntax; check the manual that corresponds to your MySQL server version for the right syntax to use near 'nombre varchar(30) not null
apellido_pat varchar(15) not null
apellido_mat varch' at line 3
 MySQL  localhost:3306 ssl  tbd_e3  SQL > create table personas( id int KEY AUTO_INCREMENT, nombre varchar(30) not null, apellido_pat varchar(15) not null, apellido_mat varchar(15), fecha_nac date not null, clave_rfc cadena(20));
ERROR: 1064 (42000): You have an error in your SQL syntax; check the manual that corresponds to your MySQL server version for the right syntax to use near 'cadena(20))' at line 1
 MySQL  localhost:3306 ssl  tbd_e3  SQL > create table personas( id int KEY AUTO_INCREMENT, nombre varchar(30) not null, apellido_pat varchar(15) not null, apellido_mat varchar(15), fecha_nac date not null, clave_rfc varchar(20));
Query OK, 0 rows affected (0.0837 sec)
 MySQL  localhost:3306 ssl  tbd_e3  SQL > INSERT INTO personas(nombre, apellido_pat, apellido_mat, fecha_nac)
                                       -> VALUES
                                       ->     ('Juan', 'Perez', 'Lopez', '1994-12-25'),
                                       ->     ('Ana', 'Ruiz', 'Acosta', '2004-03-02'),
                                       ->     ('Pepe', 'Juarez', 'Rios', '2000-01-05'),
                                       ->     ('Raul', 'Sosa', 'Chavez', '2005-06-21');
Query OK, 4 rows affected (0.0439 sec)

Records: 4  Duplicates: 0  Warnings: 0
 MySQL  localhost:3306 ssl  tbd_e3  SQL > SELECT * FROM personas;
+----+--------+--------------+--------------+------------+-----------+
| id | nombre | apellido_pat | apellido_mat | fecha_nac  | clave_rfc |
+----+--------+--------------+--------------+------------+-----------+
|  1 | Juan   | Perez        | Lopez        | 1994-12-25 | NULL      |
|  2 | Ana    | Ruiz         | Acosta       | 2004-03-02 | NULL      |
|  3 | Pepe   | Juarez       | Rios         | 2000-01-05 | NULL      |
|  4 | Raul   | Sosa         | Chavez       | 2005-06-21 | NULL      |
+----+--------+--------------+--------------+------------+-----------+
4 rows in set (0.0009 sec)
 MySQL  localhost:3306 ssl  tbd_e3  SQL > INSERT INTO personas(nombre, apellido_pat, fecha_nac) value ("Luisa", "Rosales", '1999-11-23');
Query OK, 1 row affected (0.0181 sec)
 MySQL  localhost:3306 ssl  tbd_e3  SQL > SELECT * FROM personas;
+----+--------+--------------+--------------+------------+-----------+
| id | nombre | apellido_pat | apellido_mat | fecha_nac  | clave_rfc |
+----+--------+--------------+--------------+------------+-----------+
|  1 | Juan   | Perez        | Lopez        | 1994-12-25 | NULL      |
|  2 | Ana    | Ruiz         | Acosta       | 2004-03-02 | NULL      |
|  3 | Pepe   | Juarez       | Rios         | 2000-01-05 | NULL      |
|  4 | Raul   | Sosa         | Chavez       | 2005-06-21 | NULL      |
|  5 | Luisa  | Rosales      | NULL         | 1999-11-23 | NULL      |
+----+--------+--------------+--------------+------------+-----------+
5 rows in set (0.0008 sec)
 MySQL  localhost:3306 ssl  tbd_e3  SQL >